// Jest Snapshot v1, https://goo.gl/fbAQLP

exports[`Highlighters/Mask "Default": Highlighters/Mask-Default 1`] = `"<div style="opacity: 1; pointer-events: all; position: relative; overflow: hidden; width: 100%; height: 100%;"><div class="joint-paper joint-theme-default" style="position: relative; width: 800px; height: 600px;"><div style="position: absolute; inset: 0;" class="joint-paper-background" joint-selector="background"></div><svg width="100%" height="100%" xmlns:xlink="http://www.w3.org/1999/xlink" style="position: absolute; inset: 0; overflow: hidden;" joint-selector="svg" id="v-*"><style id="v-*" type="text/css"></style><defs joint-selector="defs"></defs><g class="joint-layers" joint-selector="layers"><g style="pointer-events: none;" class="joint-grid-layer"></g><g class="joint-back-layer"></g><g class="joint-cells-layer joint-viewport" style="webkit-user-select: none; user-select: none;"></g><g class="joint-labels-layer joint-viewport" style="webkit-user-select: none; user-select: none;"></g><g class="joint-front-layer"></g><g class="joint-tools-layer"></g></g></svg></div></div>"`;

exports[`Highlighters/Mask "WithPadding": Highlighters/Mask-WithPadding 1`] = `"<div style="opacity: 1; pointer-events: all; position: relative; overflow: hidden; width: 100%; height: 100%;"><div class="joint-paper joint-theme-default" style="position: relative; width: 800px; height: 600px;"><div style="position: absolute; inset: 0;" class="joint-paper-background" joint-selector="background"></div><svg width="100%" height="100%" xmlns:xlink="http://www.w3.org/1999/xlink" style="position: absolute; inset: 0; overflow: hidden;" joint-selector="svg" id="v-*"><style id="v-*" type="text/css"></style><defs joint-selector="defs"></defs><g class="joint-layers" joint-selector="layers"><g style="pointer-events: none;" class="joint-grid-layer"></g><g class="joint-back-layer"></g><g class="joint-cells-layer joint-viewport" style="webkit-user-select: none; user-select: none;"></g><g class="joint-labels-layer joint-viewport" style="webkit-user-select: none; user-select: none;"></g><g class="joint-front-layer"></g><g class="joint-tools-layer"></g></g></svg></div></div>"`;

exports[`Highlighters/Mask "WithSVGProps": Highlighters/Mask-WithSVGProps 1`] = `"<div style="opacity: 1; pointer-events: all; position: relative; overflow: hidden; width: 100%; height: 100%;"><div class="joint-paper joint-theme-default" style="position: relative; width: 800px; height: 600px;"><div style="position: absolute; inset: 0;" class="joint-paper-background" joint-selector="background"></div><svg width="100%" height="100%" xmlns:xlink="http://www.w3.org/1999/xlink" style="position: absolute; inset: 0; overflow: hidden;" joint-selector="svg" id="v-*"><style id="v-*" type="text/css"></style><defs joint-selector="defs"></defs><g class="joint-layers" joint-selector="layers"><g style="pointer-events: none;" class="joint-grid-layer"></g><g class="joint-back-layer"></g><g class="joint-cells-layer joint-viewport" style="webkit-user-select: none; user-select: none;"></g><g class="joint-labels-layer joint-viewport" style="webkit-user-select: none; user-select: none;"></g><g class="joint-front-layer"></g><g class="joint-tools-layer"></g></g></svg></div></div>"`;
