// Jest Snapshot v1, https://goo.gl/fbAQLP

exports[`paper should render paper component without errors 1`] = `
<DocumentFragment>
  <div
    style="width: 100%; height: 100%;"
  >
    <div
      class="joint-paper joint-theme-default"
      style="position: relative; width: 100%; height: 100%;"
    >
      <div
        class="joint-paper-background"
        joint-selector="background"
        style="position: absolute; inset: 0;"
      />
      <svg
        height="100%"
        id="v-2"
        joint-selector="svg"
        style="position: absolute; inset: 0; overflow: hidden;"
        width="100%"
        xmlns:xlink="http://www.w3.org/1999/xlink"
      >
        <style
          id="v-3"
          type="text/css"
        />
        <defs
          joint-selector="defs"
        >
          <marker
            id="v-21801458145"
            markerUnits="userSpaceOnUse"
            orient="auto"
            overflow="visible"
          >
            <path
              d="M 10 -5 0 0 10 5 z"
              fill="#333333"
              id="v-11"
              stroke="#333333"
              transform="rotate(180)"
            />
          </marker>
        </defs>
        <g
          class="joint-layers"
          joint-selector="layers"
        >
          <g
            class="joint-grid-layer"
            style="pointer-events: none;"
          />
          <g
            class="joint-back-layer"
          />
          <g
            class="joint-cells-layer joint-viewport"
            style="webkit-user-select: none; user-select: none;"
          >
            <g
              class="joint-cell joint-type-standard joint-type-standard-rectangle joint-element joint-theme-default"
              cursor="move"
              data-type="standard.Rectangle"
              id="j_1"
              transform="translate(10,100)"
            >
              <rect
                fill="#FFFFFF"
                height="1"
                id="v-4"
                joint-selector="body"
                stroke="#000000"
                stroke-width="2"
                width="1"
              />
              <text
                fill="#333333"
                font-size="14"
                id="v-5"
                joint-selector="label"
                text-anchor="middle"
                x="0.5"
                xml:space="preserve"
                y="0.5"
              >
                <tspan
                  class="v-line"
                  dy="0.3em"
                >
                  testing-rectangle1
                </tspan>
              </text>
            </g>
            <!--z-index:2-->
            <g
              class="joint-cell joint-type-standard joint-type-standard-rectangle joint-element joint-theme-default"
              cursor="move"
              data-type="standard.Rectangle"
              id="j_2"
              transform="translate(10,100)"
            >
              <rect
                fill="#FFFFFF"
                height="1"
                id="v-6"
                joint-selector="body"
                stroke="#000000"
                stroke-width="2"
                width="1"
              />
              <text
                fill="#333333"
                font-size="14"
                id="v-7"
                joint-selector="label"
                text-anchor="middle"
                x="0.5"
                xml:space="preserve"
                y="0.5"
              >
                <tspan
                  class="v-line"
                  dy="0.3em"
                >
                  testing-rectangle2
                </tspan>
              </text>
            </g>
            <!--z-index:3-->
            <g
              class="joint-cell joint-type-standard joint-type-standard-link joint-link joint-theme-default"
              data-type="standard.Link"
              id="j_4"
            >
              <path
                cursor="pointer"
                d="M 0 0 L 0 0"
                fill="none"
                id="v-9"
                joint-selector="wrapper"
                stroke="transparent"
                stroke-linecap="round"
                stroke-linejoin="round"
                stroke-width="10"
              />
              <path
                d="M 0 0 L 0 0"
                fill="none"
                id="v-8"
                joint-selector="line"
                marker-end="url(#v-21801458145)"
                pointer-events="none"
                stroke="#333333"
                stroke-linejoin="round"
                stroke-width="2"
              />
            </g>
            <!--z-index:4-->
          </g>
          <g
            class="joint-labels-layer joint-viewport"
            style="webkit-user-select: none; user-select: none;"
          />
          <g
            class="joint-front-layer"
          />
          <g
            class="joint-tools-layer"
          />
        </g>
      </svg>
    </div>
  </div>
</DocumentFragment>
`;
