// Jest Snapshot v1, https://goo.gl/fbAQLP

exports[`GraphProvider "Default": GraphProvider-Default 1`] = `"<div class="border-1 border-gray-300 rounded-lg shadow-md overflow-hidden p-2 mr-2" style="opacity: 1; pointer-events: all; position: relative; overflow: hidden; width: 100%; height: 100%;"><div class="joint-border-1 joint-border-gray-300 joint-rounded-lg joint-shadow-md joint-overflow-hidden joint-p-2 joint-mr-2 joint-theme-default" style="position: relative; width: 100%; height: 600px;"><div style="position: absolute; inset: 0;" class="joint-paper-background" joint-selector="background"></div><svg width="100%" height="100%" xmlns:xlink="http://www.w3.org/1999/xlink" style="position: absolute; inset: 0; overflow: hidden;" joint-selector="svg" id="v-*"><style id="v-*" type="text/css"></style><defs joint-selector="defs"></defs><g class="joint-layers" joint-selector="layers"><g style="pointer-events: none;" class="joint-grid-layer"></g><g class="joint-back-layer"></g><g class="joint-cells-layer joint-viewport" style="webkit-user-select: none; user-select: none;"></g><g class="joint-labels-layer joint-viewport" style="webkit-user-select: none; user-select: none;"></g><g class="joint-front-layer"></g><g class="joint-tools-layer"></g></g></svg></div></div>"`;

exports[`GraphProvider "WithExternalGraph": GraphProvider-WithExternalGraph 1`] = `"<div class="border-1 border-gray-300 rounded-lg shadow-md overflow-hidden p-2 mr-2" style="opacity: 1; pointer-events: all; position: relative; overflow: hidden; width: 100%; height: 100%;"><div class="joint-border-1 joint-border-gray-300 joint-rounded-lg joint-shadow-md joint-overflow-hidden joint-p-2 joint-mr-2 joint-theme-default" style="position: relative; width: 100%; height: 600px;"><div style="position: absolute; inset: 0;" class="joint-paper-background" joint-selector="background"></div><svg width="100%" height="100%" xmlns:xlink="http://www.w3.org/1999/xlink" style="position: absolute; inset: 0; overflow: hidden;" joint-selector="svg" id="v-*"><style id="v-*" type="text/css"></style><defs joint-selector="defs"></defs><g class="joint-layers" joint-selector="layers"><g style="pointer-events: none;" class="joint-grid-layer"></g><g class="joint-back-layer"></g><g class="joint-cells-layer joint-viewport" style="webkit-user-select: none; user-select: none;"></g><g class="joint-labels-layer joint-viewport" style="webkit-user-select: none; user-select: none;"></g><g class="joint-front-layer"></g><g class="joint-tools-layer"></g></g></svg></div></div>"`;

exports[`GraphProvider "WithExternalGraphAndLayout": GraphProvider-WithExternalGraphAndLayout 1`] = `"<button class="bg-blue-500 cursor-pointer hover:bg-blue-700 text-white font-bold py-2 px-4 rounded m-2 text-sm">Make layout</button><div class="border-1 border-gray-300 rounded-lg shadow-md overflow-hidden p-2 mr-2" style="opacity: 1; pointer-events: all; position: relative; overflow: hidden; width: 100%; height: 100%;"><div class="joint-border-1 joint-border-gray-300 joint-rounded-lg joint-shadow-md joint-overflow-hidden joint-p-2 joint-mr-2 joint-theme-default" style="position: relative; width: 100%; height: 600px;"><div style="position: absolute; inset: 0;" class="joint-paper-background" joint-selector="background"></div><svg width="100%" height="100%" xmlns:xlink="http://www.w3.org/1999/xlink" style="position: absolute; inset: 0; overflow: hidden;" joint-selector="svg" id="v-*"><style id="v-*" type="text/css"></style><defs joint-selector="defs"></defs><g class="joint-layers" joint-selector="layers"><g style="pointer-events: none;" class="joint-grid-layer"></g><g class="joint-back-layer"></g><g class="joint-cells-layer joint-viewport" style="webkit-user-select: none; user-select: none;"></g><g class="joint-labels-layer joint-viewport" style="webkit-user-select: none; user-select: none;"></g><g class="joint-front-layer"></g><g class="joint-tools-layer"></g></g></svg></div></div>"`;

exports[`GraphProvider "WithLink": GraphProvider-WithLink 1`] = `"<div class="border-1 border-gray-300 rounded-lg shadow-md overflow-hidden p-2 mr-2" style="opacity: 1; pointer-events: all; position: relative; overflow: hidden; width: 100%; height: 100%;"><div class="joint-border-1 joint-border-gray-300 joint-rounded-lg joint-shadow-md joint-overflow-hidden joint-p-2 joint-mr-2 joint-theme-default" style="position: relative; width: 100%; height: 600px;"><div style="position: absolute; inset: 0;" class="joint-paper-background" joint-selector="background"></div><svg width="100%" height="100%" xmlns:xlink="http://www.w3.org/1999/xlink" style="position: absolute; inset: 0; overflow: hidden;" joint-selector="svg" id="v-*"><style id="v-*" type="text/css"></style><defs joint-selector="defs"></defs><g class="joint-layers" joint-selector="layers"><g style="pointer-events: none;" class="joint-grid-layer"></g><g class="joint-back-layer"></g><g class="joint-cells-layer joint-viewport" style="webkit-user-select: none; user-select: none;"></g><g class="joint-labels-layer joint-viewport" style="webkit-user-select: none; user-select: none;"></g><g class="joint-front-layer"></g><g class="joint-tools-layer"></g></g></svg></div></div>"`;

exports[`GraphProvider "WithoutSizeDefinedInElements": GraphProvider-WithoutSizeDefinedInElements 1`] = `"<div class="border-1 border-gray-300 rounded-lg shadow-md overflow-hidden p-2 mr-2" style="opacity: 0; pointer-events: none; position: relative; overflow: hidden; width: 100%; height: 100%;"><div class="joint-border-1 joint-border-gray-300 joint-rounded-lg joint-shadow-md joint-overflow-hidden joint-p-2 joint-mr-2 joint-theme-default" style="position: relative; width: 100%; height: 600px;"><div style="position: absolute; inset: 0;" class="joint-paper-background" joint-selector="background"></div><svg width="100%" height="100%" xmlns:xlink="http://www.w3.org/1999/xlink" style="position: absolute; inset: 0; overflow: hidden;" joint-selector="svg" id="v-*"><style id="v-*" type="text/css"></style><defs joint-selector="defs"></defs><g class="joint-layers" joint-selector="layers"><g style="pointer-events: none;" class="joint-grid-layer"></g><g class="joint-back-layer"></g><g class="joint-cells-layer joint-viewport" style="webkit-user-select: none; user-select: none;"></g><g class="joint-labels-layer joint-viewport" style="webkit-user-select: none; user-select: none;"></g><g class="joint-front-layer"></g><g class="joint-tools-layer"></g></g></svg></div></div>"`;

exports[`graph-provider should render children and match snapshot 1`] = `
<div>
  Child Content
</div>
`;

exports[`graph-provider should render children and match snapshot 2`] = `
<DocumentFragment>
  <div>
    Child Content
  </div>
</DocumentFragment>
`;
