// Jest Snapshot v1, https://goo.gl/fbAQLP

exports[`Paper "WithAutoFitContent": Paper-WithAutoFitContent 1`] = `"<div class="border-1 border-gray-300 rounded-lg shadow-md overflow-hidden p-2 mr-2" style="opacity: 1; pointer-events: all; position: relative; overflow: hidden; width: 100%; height: 100%;"><div class="joint-border-1 joint-border-gray-300 joint-rounded-lg joint-shadow-md joint-overflow-hidden joint-p-2 joint-mr-2 joint-theme-default" style="position: relative; width: 100%; height: 600px;"><div style="position: absolute; inset: 0;" class="joint-paper-background" joint-selector="background"></div><svg width="100%" height="100%" xmlns:xlink="http://www.w3.org/1999/xlink" style="position: absolute; inset: 0; overflow: hidden;" joint-selector="svg" id="v-*"><style id="v-*" type="text/css"></style><defs joint-selector="defs"></defs><g class="joint-layers" joint-selector="layers"><g style="pointer-events: none;" class="joint-grid-layer"></g><g class="joint-back-layer"></g><g class="joint-cells-layer joint-viewport" style="webkit-user-select: none; user-select: none;"></g><g class="joint-labels-layer joint-viewport" style="webkit-user-select: none; user-select: none;"></g><g class="joint-front-layer"></g><g class="joint-tools-layer"></g></g></svg></div></div>"`;

exports[`Paper "WithCustomEvent": Paper-WithCustomEvent 1`] = `"<div class="border-1 border-gray-300 rounded-lg shadow-md overflow-hidden p-2 mr-2" style="opacity: 1; pointer-events: all; position: relative; overflow: hidden; width: 100%; height: 100%;"><div class="joint-border-1 joint-border-gray-300 joint-rounded-lg joint-shadow-md joint-overflow-hidden joint-p-2 joint-mr-2 joint-theme-default" style="position: relative; width: 100%; height: 600px;"><div style="position: absolute; inset: 0;" class="joint-paper-background" joint-selector="background"></div><svg width="100%" height="100%" xmlns:xlink="http://www.w3.org/1999/xlink" style="position: absolute; inset: 0; overflow: hidden;" joint-selector="svg" id="v-*"><style id="v-*" type="text/css"></style><defs joint-selector="defs"></defs><g class="joint-layers" joint-selector="layers"><g style="pointer-events: none;" class="joint-grid-layer"></g><g class="joint-back-layer"></g><g class="joint-cells-layer joint-viewport" style="webkit-user-select: none; user-select: none;"></g><g class="joint-labels-layer joint-viewport" style="webkit-user-select: none; user-select: none;"></g><g class="joint-front-layer"></g><g class="joint-tools-layer"></g></g></svg></div></div>"`;

exports[`Paper "WithEvent": Paper-WithEvent 1`] = `"<div class="border-1 border-gray-300 rounded-lg shadow-md overflow-hidden p-2 mr-2" style="opacity: 1; pointer-events: all; position: relative; overflow: hidden; width: 100%; height: 100%;"><div class="joint-border-1 joint-border-gray-300 joint-rounded-lg joint-shadow-md joint-overflow-hidden joint-p-2 joint-mr-2 joint-theme-default" style="position: relative; width: 100%; height: 600px;"><div style="position: absolute; inset: 0;" class="joint-paper-background" joint-selector="background"></div><svg width="100%" height="100%" xmlns:xlink="http://www.w3.org/1999/xlink" style="position: absolute; inset: 0; overflow: hidden;" joint-selector="svg" id="v-*"><style id="v-*" type="text/css"></style><defs joint-selector="defs"></defs><g class="joint-layers" joint-selector="layers"><g style="pointer-events: none;" class="joint-grid-layer"></g><g class="joint-back-layer"></g><g class="joint-cells-layer joint-viewport" style="webkit-user-select: none; user-select: none;"></g><g class="joint-labels-layer joint-viewport" style="webkit-user-select: none; user-select: none;"></g><g class="joint-front-layer"></g><g class="joint-tools-layer"></g></g></svg></div></div>"`;

exports[`Paper "WithGrid": Paper-WithGrid 1`] = `"<div class="border-1 border-gray-300 rounded-lg shadow-md overflow-hidden p-2 mr-2" style="opacity: 1; pointer-events: all; position: relative; overflow: hidden; width: 100%; height: 100%;"><div class="joint-border-1 joint-border-gray-300 joint-rounded-lg joint-shadow-md joint-overflow-hidden joint-p-2 joint-mr-2 joint-theme-default" style="position: relative; width: 100%; height: 600px;"><div style="position: absolute; inset: 0;" class="joint-paper-background" joint-selector="background"></div><svg width="100%" height="100%" xmlns:xlink="http://www.w3.org/1999/xlink" style="position: absolute; inset: 0; overflow: hidden;" joint-selector="svg" id="v-*"><style id="v-*" type="text/css"></style><defs joint-selector="defs"></defs><g class="joint-layers" joint-selector="layers"><g style="pointer-events: none;" class="joint-grid-layer"><svg xmlns:xlink="http://www.w3.org/1999/xlink" version="1.1" id="v-*" width="0" height="0" x="0" y="600"><defs id="v-*"><pattern id="pattern_view32_0" patternUnits="userSpaceOnUse" width="10" height="10" x="0" y="-600"><rect id="v-*" width="1" height="1" fill="#AAAAAA"></rect></pattern></defs><rect id="v-*" width="100%" height="100%" fill="url(#pattern_view32_0)"></rect></svg></g><g class="joint-back-layer"></g><g class="joint-cells-layer joint-viewport" style="webkit-user-select: none; user-select: none;"></g><g class="joint-labels-layer joint-viewport" style="webkit-user-select: none; user-select: none;"></g><g class="joint-front-layer"></g><g class="joint-tools-layer"></g></g></svg></div></div>"`;

exports[`Paper "WithHTMLElement": Paper-WithHTMLElement 1`] = `"<div class="border-1 border-gray-300 rounded-lg shadow-md overflow-hidden p-2 mr-2" style="opacity: 1; pointer-events: all; position: relative; overflow: hidden; width: 100%; height: 100%;"><div class="joint-border-1 joint-border-gray-300 joint-rounded-lg joint-shadow-md joint-overflow-hidden joint-p-2 joint-mr-2 joint-theme-default" style="position: relative; width: 100%; height: 600px;"><div style="position: absolute; inset: 0;" class="joint-paper-background" joint-selector="background"></div><svg width="100%" height="100%" xmlns:xlink="http://www.w3.org/1999/xlink" style="position: absolute; inset: 0; overflow: hidden;" joint-selector="svg" id="v-*"><style id="v-*" type="text/css"></style><defs joint-selector="defs"></defs><g class="joint-layers" joint-selector="layers"><g style="pointer-events: none;" class="joint-grid-layer"></g><g class="joint-back-layer"></g><g class="joint-cells-layer joint-viewport" style="webkit-user-select: none; user-select: none;"></g><g class="joint-labels-layer joint-viewport" style="webkit-user-select: none; user-select: none;"></g><g class="joint-front-layer"></g><g class="joint-tools-layer"></g></g></svg></div></div>"`;

exports[`Paper "WithLinkTools": Paper-WithLinkTools 1`] = `"<div class="border-1 border-gray-300 rounded-lg shadow-md overflow-hidden p-2 mr-2" style="opacity: 1; pointer-events: all; position: relative; overflow: hidden; width: 100%; height: 100%;"><div class="joint-border-1 joint-border-gray-300 joint-rounded-lg joint-shadow-md joint-overflow-hidden joint-p-2 joint-mr-2 joint-theme-default" style="position: relative; width: 100%; height: 600px;"><div style="position: absolute; inset: 0;" class="joint-paper-background" joint-selector="background"></div><svg width="100%" height="100%" xmlns:xlink="http://www.w3.org/1999/xlink" style="position: absolute; inset: 0; overflow: hidden;" joint-selector="svg" id="v-*"><style id="v-*" type="text/css"></style><defs joint-selector="defs"></defs><g class="joint-layers" joint-selector="layers"><g style="pointer-events: none;" class="joint-grid-layer"></g><g class="joint-back-layer"></g><g class="joint-cells-layer joint-viewport" style="webkit-user-select: none; user-select: none;"></g><g class="joint-labels-layer joint-viewport" style="webkit-user-select: none; user-select: none;"></g><g class="joint-front-layer"></g><g class="joint-tools-layer"></g></g></svg></div></div>"`;

exports[`Paper "WithRectElement": Paper-WithRectElement 1`] = `"<div class="border-1 border-gray-300 rounded-lg shadow-md overflow-hidden p-2 mr-2" style="opacity: 1; pointer-events: all; position: relative; overflow: hidden; width: 100%; height: 100%;"><div class="joint-border-1 joint-border-gray-300 joint-rounded-lg joint-shadow-md joint-overflow-hidden joint-p-2 joint-mr-2 joint-theme-default" style="position: relative; width: 100%; height: 600px;"><div style="position: absolute; inset: 0;" class="joint-paper-background" joint-selector="background"></div><svg width="100%" height="100%" xmlns:xlink="http://www.w3.org/1999/xlink" style="position: absolute; inset: 0; overflow: hidden;" joint-selector="svg" id="v-*"><style id="v-*" type="text/css"></style><defs joint-selector="defs"></defs><g class="joint-layers" joint-selector="layers"><g style="pointer-events: none;" class="joint-grid-layer"></g><g class="joint-back-layer"></g><g class="joint-cells-layer joint-viewport" style="webkit-user-select: none; user-select: none;"></g><g class="joint-labels-layer joint-viewport" style="webkit-user-select: none; user-select: none;"></g><g class="joint-front-layer"></g><g class="joint-tools-layer"></g></g></svg></div></div>"`;

exports[`Paper "WithScaleDown": Paper-WithScaleDown 1`] = `"<div class="border-1 border-gray-300 rounded-lg shadow-md overflow-hidden p-2 mr-2" style="opacity: 1; pointer-events: all; position: relative; overflow: hidden; width: 100%; height: 100%;"><div class="joint-border-1 joint-border-gray-300 joint-rounded-lg joint-shadow-md joint-overflow-hidden joint-p-2 joint-mr-2 joint-theme-default" style="position: relative; width: 100%; height: 600px;"><div style="position: absolute; inset: 0;" class="joint-paper-background" joint-selector="background"></div><svg width="100%" height="100%" xmlns:xlink="http://www.w3.org/1999/xlink" style="position: absolute; inset: 0; overflow: hidden;" joint-selector="svg" id="v-*"><style id="v-*" type="text/css"></style><defs joint-selector="defs"></defs><g class="joint-layers" joint-selector="layers" transform="matrix(0.7,0,0,0.7,0,0)"><g style="pointer-events: none;" class="joint-grid-layer"></g><g class="joint-back-layer"></g><g class="joint-cells-layer joint-viewport" style="webkit-user-select: none; user-select: none;"></g><g class="joint-labels-layer joint-viewport" style="webkit-user-select: none; user-select: none;"></g><g class="joint-front-layer"></g><g class="joint-tools-layer"></g></g></svg></div></div>"`;
